// Jest Snapshot v1, https://goo.gl/fbAQLP

exports[`Menu should match the snapshot 1`] = `
<DocumentFragment>
  <div
    class="MuiGrid-root MuiGrid-container MuiGrid-spacing-xs-2 MuiGrid-item MuiGrid-align-items-xs-center"
  >
    <svg
      aria-hidden="true"
      class="MuiSvgIcon-root sc-AxjAm gJQWcM"
      data-testid="plusIcon"
      focusable="false"
      viewBox="0 0 24 24"
    >
      <path
        d="M13 7h-2v4H7v2h4v4h2v-4h4v-2h-4V7zm-1-5C6.48 2 2 6.48 2 12s4.48 10 10 10 10-4.48 10-10S17.52 2 12 2zm0 18c-4.41 0-8-3.59-8-8s3.59-8 8-8 8 3.59 8 8-3.59 8-8 8z"
      />
    </svg>
    <div
      class="MuiInputBase-root MuiInput-root MuiInput-underline"
    >
      <input
        class="MuiInputBase-input MuiInput-input"
        id="filter"
        name="filter"
        placeholder="filter..."
        type="text"
        value=""
      />
    </div>
  </div>
</DocumentFragment>
`;
